spindle saved to /mnt/home/ealca/ceph/multi_aster/for-spindle-group-meeting/1_aster_2.0_lbar_push_4000_tubulin_0.005_temperature/spindle.pkl
                            Spindle Simulation                             
┏━━━━━━━━━━━━━━━━━━━━━━━━━━━━━━━━━━━┳━━━━━━━━━━━━━━━━━━━━━━━━━━━━━━━━━━━━━┓
┃ Parameter                         ┃                               Value ┃
┡━━━━━━━━━━━━━━━━━━━━━━━━━━━━━━━━━━━╇━━━━━━━━━━━━━━━━━━━━━━━━━━━━━━━━━━━━━┩
│ Wall elapsed time (s)             │                            6879.21s │
│ Last Accepted Time (s)            │        499.99999999508844 / 500.00s │
│ Last Accepted Position (um)       │ {1: array([0.035, -0.024, -0.084])} │
│ Net Force on aster 1 (pN)         │               [-0.798 8.647 10.308] │
│ Last Accepted Cost                │                 0.00970133900145842 │
│ Number of MTs                     │                                 404 │
│ Number of pushing MTs             │                                 355 │
│ Number of pulling MTs             │                                  49 │
│ Tubulin use / tubulin budget (um) │            4038.805356005834 / 4000 │
│ Attempt Counter                   │                                   0 │
│ Number of total attempts          │                    644549 / 2000000 │
│ Number of Positions Accepted      │                              500000 │
│ Memory (RSS)                      │             1.07 GB / 65.5 GB alloc │
└───────────────────────────────────┴─────────────────────────────────────┘cost vs time plot saved to /mnt/home/ealca/ceph/multi_aster/for-spindle-group-meeting/1_aster_2.0_lbar_push_4000_tubulin_0.005_temperature/plots/cost_time_plot.png
aster distance from centre saved to /mnt/home/ealca/ceph/multi_aster/for-spindle-group-meeting/1_aster_2.0_lbar_push_4000_tubulin_0.005_temperature/plots/aster_distance_from_centre.png
# MTs per MTOC plot saved to /mnt/home/ealca/ceph/multi_aster/for-spindle-group-meeting/1_aster_2.0_lbar_push_4000_tubulin_0.005_temperature/plots/num_mts_per_mtoc.png
occupancy vs angle plot saved to /mnt/home/ealca/ceph/multi_aster/for-spindle-group-meeting/1_aster_2.0_lbar_push_4000_tubulin_0.005_temperature/plots/occupancy_vs_angle.png
surface occupancy saved to /mnt/home/ealca/ceph/multi_aster/for-spindle-group-meeting/1_aster_2.0_lbar_push_4000_tubulin_0.005_temperature/plots/surface_occupancy_push.png
500.0009999950884
Precomputing occupancy for 500 frames...
Done.
Rendering Animation . . . 
animation saved to /mnt/home/ealca/ceph/multi_aster/for-spindle-group-meeting/1_aster_2.0_lbar_push_4000_tubulin_0.005_temperature/plots/occupancy_ani.mp4
