learning rate: 0.008 s
(655362, 3)
spindle saved to /mnt/home/ealca/ceph/multi_aster/for-spindle-group-meeting/1_aster_20.0_lbar_both_100000_0.0001_tubulin_dt_0.0001_temperature_0.008_learning_rate/spindle.pkl
                            Spindle Simulation                             
┏━━━━━━━━━━━━━━━━━━━━━━━━━━━━━━━━━━━┳━━━━━━━━━━━━━━━━━━━━━━━━━━━━━━━━━━━━━┓
┃ Parameter                         ┃                               Value ┃
┡━━━━━━━━━━━━━━━━━━━━━━━━━━━━━━━━━━━╇━━━━━━━━━━━━━━━━━━━━━━━━━━━━━━━━━━━━━┩
│ Wall elapsed time (s)             │                           20212.03s │
│ Last Accepted Time (s)            │         499.9999999995603 / 500.00s │
│ Last Accepted Position (um)       │ {1: array([0.290, -0.540, -0.902])} │
│ Net Force on aster 1 (pN)         │               [-1.093 12.751 3.310] │
│ Last Accepted Cost                │              0.00020190885025161975 │
│ Number of MTs                     │                                4995 │
│ Number of pushing MTs             │                                4907 │
│ Number of pulling MTs             │                                  88 │
│ Tubulin use / tubulin budget (um) │         100020.19088502516 / 100000 │
│ Attempt Counter                   │                                   1 │
│ Number of total attempts          │                   164416 / 20000000 │
│ Number of Positions Accepted      │                               62500 │
│ Memory (RSS)                      │             0.30 GB / 65.5 GB alloc │
└───────────────────────────────────┴─────────────────────────────────────┘cost vs time plot saved to /mnt/home/ealca/ceph/multi_aster/for-spindle-group-meeting/1_aster_20.0_lbar_both_100000_0.0001_tubulin_dt_0.0001_temperature_0.008_learning_rate/plots/cost_time_plot.png
aster distance from centre saved to /mnt/home/ealca/ceph/multi_aster/for-spindle-group-meeting/1_aster_20.0_lbar_both_100000_0.0001_tubulin_dt_0.0001_temperature_0.008_learning_rate/plots/aster_distance_from_centre.png
# MTs per MTOC plot saved to /mnt/home/ealca/ceph/multi_aster/for-spindle-group-meeting/1_aster_20.0_lbar_both_100000_0.0001_tubulin_dt_0.0001_temperature_0.008_learning_rate/plots/num_mts_per_mtoc.png
occupancy vs angle plot saved to /mnt/home/ealca/ceph/multi_aster/for-spindle-group-meeting/1_aster_20.0_lbar_both_100000_0.0001_tubulin_dt_0.0001_temperature_0.008_learning_rate/plots/occupancy_vs_angle.png
surface occupancy saved to /mnt/home/ealca/ceph/multi_aster/for-spindle-group-meeting/1_aster_20.0_lbar_both_100000_0.0001_tubulin_dt_0.0001_temperature_0.008_learning_rate/plots/surface_occupancy_pull.png
surface occupancy saved to /mnt/home/ealca/ceph/multi_aster/for-spindle-group-meeting/1_aster_20.0_lbar_both_100000_0.0001_tubulin_dt_0.0001_temperature_0.008_learning_rate/plots/surface_occupancy_push.png
500.0079999995603
Precomputing occupancy for 62 frames...
Done.
Rendering Animation . . . 
animation saved to /mnt/home/ealca/ceph/multi_aster/for-spindle-group-meeting/1_aster_20.0_lbar_both_100000_0.0001_tubulin_dt_0.0001_temperature_0.008_learning_rate/plots/occupancy_ani.mp4
