spindle saved to /mnt/home/ealca/ceph/multi_aster/for-spindle-group-meeting/2_aster_both_2000_tubulin_0.001_temperature/spindle.pkl
                               Spindle Simulation                               
┏━━━━━━━━━━━━━━━━━━━━━━━━━━━━━━━━━━━┳━━━━━━━━━━━━━━━━━━━━━━━━━━━━━━━━━━━━━━━━━━┓
┃ Parameter                         ┃                                    Value ┃
┡━━━━━━━━━━━━━━━━━━━━━━━━━━━━━━━━━━━╇━━━━━━━━━━━━━━━━━━━━━━━━━━━━━━━━━━━━━━━━━━┩
│ Wall elapsed time (s)             │                                13293.45s │
│ Last Accepted Time (s)            │                        164.2880000004204 │
│ Last Accepted Position (um)       │   {1: array([-1.810, -1.959, 4.161]), 2: │
│                                   │          array([-0.214, 1.223, -4.827])} │
│ Net Force on aster 1 (pN)         │                [-36.920 -24.652 -12.531] │
│ Last Accepted Cost                │                   0.00032056680398728776 │
│ Number of MTs                     │                                      272 │
│ Number of pushing MTs             │                                      244 │
│ Number of pulling MTs             │                                       28 │
│ Tubulin use / tubulin budget (um) │                1999.3588663920254 / 2000 │
│ Attempt Counter                   │                                       92 │
│ Number of total attempts          │                        1000000 / 1000000 │
│ Number of Positions Accepted      │                                   164288 │
│ Memory (RSS)                      │                  0.57 GB / 65.5 GB alloc │
└───────────────────────────────────┴──────────────────────────────────────────┘cost vs time plot saved to /mnt/home/ealca/ceph/multi_aster/for-spindle-group-meeting/2_aster_both_2000_tubulin_0.001_temperature/plots/cost_time_plot.png
aster distance from centre saved to /mnt/home/ealca/ceph/multi_aster/for-spindle-group-meeting/2_aster_both_2000_tubulin_0.001_temperature/plots/aster_distance_from_centre.png
aster separation saved to /mnt/home/ealca/ceph/multi_aster/for-spindle-group-meeting/2_aster_both_2000_tubulin_0.001_temperature/plots/aster_separation.png
# MTs per MTOC plot saved to /mnt/home/ealca/ceph/multi_aster/for-spindle-group-meeting/2_aster_both_2000_tubulin_0.001_temperature/plots/num_mts_per_mtoc.png
occupancy vs angle plot saved to /mnt/home/ealca/ceph/multi_aster/for-spindle-group-meeting/2_aster_both_2000_tubulin_0.001_temperature/plots/occupancy_vs_angle.png
surface occupancy saved to /mnt/home/ealca/ceph/multi_aster/for-spindle-group-meeting/2_aster_both_2000_tubulin_0.001_temperature/plots/surface_occupancy_pull.png
surface occupancy saved to /mnt/home/ealca/ceph/multi_aster/for-spindle-group-meeting/2_aster_both_2000_tubulin_0.001_temperature/plots/surface_occupancy_push.png
164.2890000004204
Precomputing occupancy for 164 frames...
Done.
Rendering Animation . . . 
animation saved to /mnt/home/ealca/ceph/multi_aster/for-spindle-group-meeting/2_aster_both_2000_tubulin_0.001_temperature/plots/occupancy_ani.mp4
