spindle saved to /mnt/home/ealca/ceph/multi_aster/for-spindle-group-meeting/2_aster_push_no_cost/spindle.pkl
                               Spindle Simulation                               
┏━━━━━━━━━━━━━━━━━━━━━━━━━━━━━━━━━━━┳━━━━━━━━━━━━━━━━━━━━━━━━━━━━━━━━━━━━━━━━━━┓
┃ Parameter                         ┃                                    Value ┃
┡━━━━━━━━━━━━━━━━━━━━━━━━━━━━━━━━━━━╇━━━━━━━━━━━━━━━━━━━━━━━━━━━━━━━━━━━━━━━━━━┩
│ Wall elapsed time (s)             │                                 8064.60s │
│ Last Accepted Time (s)            │                       499.99999999508844 │
│ Last Accepted Position (um)       │  {1: array([-0.453, -0.195, -0.064]), 2: │
│                                   │           array([0.502, -0.316, 0.113])} │
│ Net Force on aster 1 (pN)         │                [-42.630 -55.524 -42.077] │
│ Last Accepted Cost                │                                        0 │
│ Number of MTs                     │                                     1196 │
│ Number of pushing MTs             │                                     1117 │
│ Number of pulling MTs             │                                       79 │
│ Tubulin use / tubulin budget (um) │                11972.25738241967 / 10000 │
│ Attempt Counter                   │                                        0 │
│ Number of total attempts          │                          500000 / 500000 │
│ Number of Positions Accepted      │                                   500000 │
│ Memory (RSS)                      │                  1.34 GB / 65.5 GB alloc │
└───────────────────────────────────┴──────────────────────────────────────────┘aster separation saved to /mnt/home/ealca/ceph/multi_aster/for-spindle-group-meeting/2_aster_push_no_cost/plots/aster_dynamics.png
cost vs time plot saved to /mnt/home/ealca/ceph/multi_aster/for-spindle-group-meeting/2_aster_push_no_cost/plots/cost_time_plot_2_aster_10000_tubulin_0.0005_temp.png
# MTs per MTOC plot saved to /mnt/home/ealca/ceph/multi_aster/for-spindle-group-meeting/2_aster_push_no_cost/plots/num_mts_per_mtoc.png
500.0009999950884
Precomputing occupancy for 999 frames...
Done.
Rendering Animation . . . 
animation saved to /mnt/home/ealca/ceph/multi_aster/for-spindle-group-meeting/2_aster_push_no_cost/plots/occupancy_ani.mp4
