spindle saved to /mnt/home/ealca/ceph/multi_aster/for-spindle-group-meeting/2_aster_2.0_lbar_both_8000_tubulin_0.001_temperature/spindle.pkl
                               Spindle Simulation                               
┏━━━━━━━━━━━━━━━━━━━━━━━━━━━━━━━━━━━┳━━━━━━━━━━━━━━━━━━━━━━━━━━━━━━━━━━━━━━━━━━┓
┃ Parameter                         ┃                                    Value ┃
┡━━━━━━━━━━━━━━━━━━━━━━━━━━━━━━━━━━━╇━━━━━━━━━━━━━━━━━━━━━━━━━━━━━━━━━━━━━━━━━━┩
│ Wall elapsed time (s)             │                                15717.00s │
│ Last Accepted Time (s)            │             499.99999999508844 / 500.00s │
│ Last Accepted Position (um)       │   {1: array([1.495, -0.842, -0.669]), 2: │
│                                   │           array([-0.512, 0.607, 0.672])} │
│ Spindle Length (um)               │                    2.814909440125066 / 9 │
│ Net Force on aster 1 (pN)         │                    [2.156 -12.530 3.515] │
│ Last Accepted Cost                │                   0.00017323004626623728 │
│ Number of MTs                     │                                      810 │
│ Number of pushing MTs             │                                      745 │
│ Number of pulling MTs             │                                       65 │
│ Tubulin use / tubulin budget (um) │                  8001.38584037013 / 8000 │
│ Attempt Counter                   │                                        0 │
│ Number of total attempts          │                         909497 / 2000000 │
│ Number of Positions Accepted      │                                   500000 │
│ Memory (RSS)                      │                  1.43 GB / 65.5 GB alloc │
└───────────────────────────────────┴──────────────────────────────────────────┘cost vs time plot saved to /mnt/home/ealca/ceph/multi_aster/for-spindle-group-meeting/2_aster_2.0_lbar_both_8000_tubulin_0.001_temperature/plots/cost_time_plot.png
aster distance from centre saved to /mnt/home/ealca/ceph/multi_aster/for-spindle-group-meeting/2_aster_2.0_lbar_both_8000_tubulin_0.001_temperature/plots/aster_distance_from_centre.png
aster separation saved to /mnt/home/ealca/ceph/multi_aster/for-spindle-group-meeting/2_aster_2.0_lbar_both_8000_tubulin_0.001_temperature/plots/aster_separation.png
# MTs per MTOC plot saved to /mnt/home/ealca/ceph/multi_aster/for-spindle-group-meeting/2_aster_2.0_lbar_both_8000_tubulin_0.001_temperature/plots/num_mts_per_mtoc.png
occupancy vs angle plot saved to /mnt/home/ealca/ceph/multi_aster/for-spindle-group-meeting/2_aster_2.0_lbar_both_8000_tubulin_0.001_temperature/plots/occupancy_vs_angle.png
surface occupancy saved to /mnt/home/ealca/ceph/multi_aster/for-spindle-group-meeting/2_aster_2.0_lbar_both_8000_tubulin_0.001_temperature/plots/surface_occupancy_pull.png
surface occupancy saved to /mnt/home/ealca/ceph/multi_aster/for-spindle-group-meeting/2_aster_2.0_lbar_both_8000_tubulin_0.001_temperature/plots/surface_occupancy_push.png
500.0009999950884
Precomputing occupancy for 500 frames...
Done.
Rendering Animation . . . 
animation saved to /mnt/home/ealca/ceph/multi_aster/for-spindle-group-meeting/2_aster_2.0_lbar_both_8000_tubulin_0.001_temperature/plots/occupancy_ani.mp4
