

For /mnt/home/ealca/ceph/multi_aster/for-spindle-group-meeting/1_aster_pull_no_cost:

499.99999999508844
Precomputing occupancy for 499 frames...
Done.
Rendering Animation . . . 
animation saved to /mnt/home/ealca/ceph/multi_aster/for-spindle-group-meeting/1_aster_pull_no_cost/plots/occupancy_ani.mp4


For /mnt/home/ealca/ceph/multi_aster/for-spindle-group-meeting/1_aster_pull_10000_tubulin_0.0005_temperature:

741.999999989366
Precomputing occupancy for 741 frames...
Done.
Rendering Animation . . . 
animation saved to /mnt/home/ealca/ceph/multi_aster/for-spindle-group-meeting/1_aster_pull_10000_tubulin_0.0005_temperature/plots/occupancy_ani.mp4


For /mnt/home/ealca/ceph/multi_aster/for-spindle-group-meeting/1_aster_push_no_cost:

499.99999999508844
Precomputing occupancy for 499 frames...
Done.
Rendering Animation . . . 
animation saved to /mnt/home/ealca/ceph/multi_aster/for-spindle-group-meeting/1_aster_push_no_cost/plots/occupancy_ani.mp4


For /mnt/home/ealca/ceph/multi_aster/for-spindle-group-meeting/1_aster_push_10000_tubulin_0.0005_temperature:

722.9999999898153
Precomputing occupancy for 722 frames...
Done.
Rendering Animation . . . 
animation saved to /mnt/home/ealca/ceph/multi_aster/for-spindle-group-meeting/1_aster_push_10000_tubulin_0.0005_temperature/plots/occupancy_ani.mp4


For /mnt/home/ealca/ceph/multi_aster/for-spindle-group-meeting/1_aster_both_no_cost:

499.99999999508844
Precomputing occupancy for 499 frames...
Done.
Rendering Animation . . . 
animation saved to /mnt/home/ealca/ceph/multi_aster/for-spindle-group-meeting/1_aster_both_no_cost/plots/occupancy_ani.mp4


For /mnt/home/ealca/ceph/multi_aster/for-spindle-group-meeting/1_aster_both_10000_tubulin_0.0005_temperature:

280.00000000029075
Precomputing occupancy for 279 frames...
Done.
Rendering Animation . . . 
animation saved to /mnt/home/ealca/ceph/multi_aster/for-spindle-group-meeting/1_aster_both_10000_tubulin_0.0005_temperature/plots/occupancy_ani.mp4
