spindle saved to /mnt/home/ealca/ceph/multi_aster/for-spindle-group-meeting/2_2.0_lbar_both_12_spindle_length_1e-05_temperature/spindle.pkl
                               Spindle Simulation                               
┏━━━━━━━━━━━━━━━━━━━━━━━━━━━━━━━━━━━┳━━━━━━━━━━━━━━━━━━━━━━━━━━━━━━━━━━━━━━━━━━┓
┃ Parameter                         ┃                                    Value ┃
┡━━━━━━━━━━━━━━━━━━━━━━━━━━━━━━━━━━━╇━━━━━━━━━━━━━━━━━━━━━━━━━━━━━━━━━━━━━━━━━━┩
│ Wall elapsed time (s)             │                                11307.98s │
│ Last Accepted Time (s)            │             499.99999999508844 / 500.00s │
│ Last Accepted Position (um)       │    {1: array([0.008, -0.007, 0.921]), 2: │
│                                   │           array([0.001, 0.007, -0.940])} │
│ Spindle Length (um)               │                  1.8604715098883884 / 12 │
│ Net Force on aster 1 (pN)         │                      [0.000 0.000 0.000] │
│ Last Accepted Cost                │                       0.7139585972346184 │
│ Number of MTs                     │                                        0 │
│ Number of pushing MTs             │                                        0 │
│ Number of pulling MTs             │                                        0 │
│ Tubulin use / tubulin budget (um) │                               0.0 / 1000 │
│ Attempt Counter                   │                                        0 │
│ Number of total attempts          │                         623451 / 2000000 │
│ Number of Positions Accepted      │                                   500000 │
│ Memory (RSS)                      │                  1.43 GB / 65.5 GB alloc │
└───────────────────────────────────┴──────────────────────────────────────────┘cost vs time plot saved to /mnt/home/ealca/ceph/multi_aster/for-spindle-group-meeting/2_2.0_lbar_both_12_spindle_length_1e-05_temperature/plots/cost_time_plot.png
aster distance from centre saved to /mnt/home/ealca/ceph/multi_aster/for-spindle-group-meeting/2_2.0_lbar_both_12_spindle_length_1e-05_temperature/plots/aster_distance_from_centre.png
aster separation saved to /mnt/home/ealca/ceph/multi_aster/for-spindle-group-meeting/2_2.0_lbar_both_12_spindle_length_1e-05_temperature/plots/aster_separation.png
# MTs per MTOC plot saved to /mnt/home/ealca/ceph/multi_aster/for-spindle-group-meeting/2_2.0_lbar_both_12_spindle_length_1e-05_temperature/plots/num_mts_per_mtoc.png
occupancy vs angle plot saved to /mnt/home/ealca/ceph/multi_aster/for-spindle-group-meeting/2_2.0_lbar_both_12_spindle_length_1e-05_temperature/plots/occupancy_vs_angle.png
surface occupancy saved to /mnt/home/ealca/ceph/multi_aster/for-spindle-group-meeting/2_2.0_lbar_both_12_spindle_length_1e-05_temperature/plots/surface_occupancy_pull.png
surface occupancy saved to /mnt/home/ealca/ceph/multi_aster/for-spindle-group-meeting/2_2.0_lbar_both_12_spindle_length_1e-05_temperature/plots/surface_occupancy_push.png
500.0009999950884
Precomputing occupancy for 500 frames...
Done.
Rendering Animation . . . 
animation saved to /mnt/home/ealca/ceph/multi_aster/for-spindle-group-meeting/2_2.0_lbar_both_12_spindle_length_1e-05_temperature/plots/occupancy_ani.mp4
