spindle saved to /mnt/home/ealca/ceph/multi_aster/for-spindle-group-meeting/asym_2_aster_both_4000_tubulin_0.0005_temperature/spindle.pkl
                               Spindle Simulation                               
┏━━━━━━━━━━━━━━━━━━━━━━━━━━━━━━━━━━━┳━━━━━━━━━━━━━━━━━━━━━━━━━━━━━━━━━━━━━━━━━━┓
┃ Parameter                         ┃                                    Value ┃
┡━━━━━━━━━━━━━━━━━━━━━━━━━━━━━━━━━━━╇━━━━━━━━━━━━━━━━━━━━━━━━━━━━━━━━━━━━━━━━━━┩
│ Wall elapsed time (s)             │                                 9104.06s │
│ Last Accepted Time (s)            │             306.15099999967236 / 500.00s │
│ Last Accepted Position (um)       │    {1: array([4.643, -3.041, 4.798]), 2: │
│                                   │           array([5.221, 1.677, -6.010])} │
│ Net Force on aster 1 (pN)         │                   [-26.389 22.856 6.832] │
│ Last Accepted Cost                │                    0.0019150552607017923 │
│ Number of MTs                     │                                      747 │
│ Number of pushing MTs             │                                      696 │
│ Number of pulling MTs             │                                       51 │
│ Tubulin use / tubulin budget (um) │                3992.3397789571927 / 4000 │
│ Attempt Counter                   │                                        2 │
│ Number of total attempts          │                        1000000 / 1000000 │
│ Number of Positions Accepted      │                                   306151 │
│ Memory (RSS)                      │                  0.96 GB / 65.5 GB alloc │
└───────────────────────────────────┴──────────────────────────────────────────┘cost vs time plot saved to /mnt/home/ealca/ceph/multi_aster/for-spindle-group-meeting/asym_2_aster_both_4000_tubulin_0.0005_temperature/plots/cost_time_plot.png
aster distance from centre saved to /mnt/home/ealca/ceph/multi_aster/for-spindle-group-meeting/asym_2_aster_both_4000_tubulin_0.0005_temperature/plots/aster_distance_from_centre.png
aster separation saved to /mnt/home/ealca/ceph/multi_aster/for-spindle-group-meeting/asym_2_aster_both_4000_tubulin_0.0005_temperature/plots/aster_separation.png
# MTs per MTOC plot saved to /mnt/home/ealca/ceph/multi_aster/for-spindle-group-meeting/asym_2_aster_both_4000_tubulin_0.0005_temperature/plots/num_mts_per_mtoc.png
occupancy vs angle plot saved to /mnt/home/ealca/ceph/multi_aster/for-spindle-group-meeting/asym_2_aster_both_4000_tubulin_0.0005_temperature/plots/occupancy_vs_angle.png
surface occupancy saved to /mnt/home/ealca/ceph/multi_aster/for-spindle-group-meeting/asym_2_aster_both_4000_tubulin_0.0005_temperature/plots/surface_occupancy_pull.png
surface occupancy saved to /mnt/home/ealca/ceph/multi_aster/for-spindle-group-meeting/asym_2_aster_both_4000_tubulin_0.0005_temperature/plots/surface_occupancy_push.png
306.15199999967234
Precomputing occupancy for 306 frames...
Done.
Rendering Animation . . . 
animation saved to /mnt/home/ealca/ceph/multi_aster/for-spindle-group-meeting/asym_2_aster_both_4000_tubulin_0.0005_temperature/plots/occupancy_ani.mp4
