spindle saved to /mnt/home/ealca/ceph/multi_aster/for-spindle-group-meeting/asym_1_aster_pull_10000_tubulin_0.0005_temperature/spindle.pkl
                           Spindle Simulation                            
┏━━━━━━━━━━━━━━━━━━━━━━━━━━━━━━━━━━━┳━━━━━━━━━━━━━━━━━━━━━━━━━━━━━━━━━━━┓
┃ Parameter                         ┃                             Value ┃
┡━━━━━━━━━━━━━━━━━━━━━━━━━━━━━━━━━━━╇━━━━━━━━━━━━━━━━━━━━━━━━━━━━━━━━━━━┩
│ Wall elapsed time (s)             │                         13547.08s │
│ Last Accepted Time (s)            │       485.9839999954199 / 500.00s │
│ Last Accepted Position (um)       │ {1: array([4.880, 1.843, 0.012])} │
│ Net Force on aster 1 (pN)         │             [3.876 -7.910 21.537] │
│ Last Accepted Cost                │             7.439606865622395e-05 │
│ Number of MTs                     │                              1338 │
│ Number of pushing MTs             │                              1289 │
│ Number of pulling MTs             │                                49 │
│ Tubulin use / tubulin budget (um) │        10000.743960686563 / 10000 │
│ Attempt Counter                   │                                 1 │
│ Number of total attempts          │                 1000000 / 1000000 │
│ Number of Positions Accepted      │                            485984 │
│ Memory (RSS)                      │           1.05 GB / 65.5 GB alloc │
└───────────────────────────────────┴───────────────────────────────────┘cost vs time plot saved to /mnt/home/ealca/ceph/multi_aster/for-spindle-group-meeting/asym_1_aster_pull_10000_tubulin_0.0005_temperature/plots/cost_time_plot.png
aster distance from centre saved to /mnt/home/ealca/ceph/multi_aster/for-spindle-group-meeting/asym_1_aster_pull_10000_tubulin_0.0005_temperature/plots/aster_distance_from_centre.png
# MTs per MTOC plot saved to /mnt/home/ealca/ceph/multi_aster/for-spindle-group-meeting/asym_1_aster_pull_10000_tubulin_0.0005_temperature/plots/num_mts_per_mtoc.png
occupancy vs angle plot saved to /mnt/home/ealca/ceph/multi_aster/for-spindle-group-meeting/asym_1_aster_pull_10000_tubulin_0.0005_temperature/plots/occupancy_vs_angle.png
surface occupancy saved to /mnt/home/ealca/ceph/multi_aster/for-spindle-group-meeting/asym_1_aster_pull_10000_tubulin_0.0005_temperature/plots/surface_occupancy_pull.png
485.98499999541986
Precomputing occupancy for 485 frames...
Done.
Rendering Animation . . . 
animation saved to /mnt/home/ealca/ceph/multi_aster/for-spindle-group-meeting/asym_1_aster_pull_10000_tubulin_0.0005_temperature/plots/occupancy_ani.mp4
