spindle saved to /mnt/home/ealca/ceph/multi_aster/for-spindle-group-meeting/asym_1_aster_both_10000_tubulin_0.0005_temperature/spindle.pkl
                            Spindle Simulation                            
┏━━━━━━━━━━━━━━━━━━━━━━━━━━━━━━━━━━━┳━━━━━━━━━━━━━━━━━━━━━━━━━━━━━━━━━━━━┓
┃ Parameter                         ┃                              Value ┃
┡━━━━━━━━━━━━━━━━━━━━━━━━━━━━━━━━━━━╇━━━━━━━━━━━━━━━━━━━━━━━━━━━━━━━━━━━━┩
│ Wall elapsed time (s)             │                           3103.25s │
│ Last Accepted Time (s)            │                  190.1320000005438 │
│ Last Accepted Position (um)       │ {1: array([1.711, -0.663, 0.267])} │
│ Net Force on aster 1 (pN)         │          [67.675 -33.803 -106.992] │
│ Last Accepted Cost                │              0.0002480069820649522 │
│ Number of MTs                     │                               1015 │
│ Number of pushing MTs             │                                945 │
│ Number of pulling MTs             │                                 70 │
│ Tubulin use / tubulin budget (um) │          9997.519930179351 / 10000 │
│ Attempt Counter                   │                                  3 │
│ Number of total attempts          │                    500000 / 500000 │
│ Number of Positions Accepted      │                             190132 │
│ Memory (RSS)                      │            0.48 GB / 65.5 GB alloc │
└───────────────────────────────────┴────────────────────────────────────┘cost vs time plot saved to /mnt/home/ealca/ceph/multi_aster/for-spindle-group-meeting/asym_1_aster_both_10000_tubulin_0.0005_temperature/plots/cost_time_plot.png
aster distance from centre saved to /mnt/home/ealca/ceph/multi_aster/for-spindle-group-meeting/asym_1_aster_both_10000_tubulin_0.0005_temperature/plots/aster_distance_from_centre.png
# MTs per MTOC plot saved to /mnt/home/ealca/ceph/multi_aster/for-spindle-group-meeting/asym_1_aster_both_10000_tubulin_0.0005_temperature/plots/num_mts_per_mtoc.png
occupancy vs angle plot saved to /mnt/home/ealca/ceph/multi_aster/for-spindle-group-meeting/asym_1_aster_both_10000_tubulin_0.0005_temperature/plots/occupancy_vs_angle.png
surface occupancy saved to /mnt/home/ealca/ceph/multi_aster/for-spindle-group-meeting/asym_1_aster_both_10000_tubulin_0.0005_temperature/plots/surface_occupancy_pull.png
surface occupancy saved to /mnt/home/ealca/ceph/multi_aster/for-spindle-group-meeting/asym_1_aster_both_10000_tubulin_0.0005_temperature/plots/surface_occupancy_push.png
190.1330000005438
Precomputing occupancy for 190 frames...
Done.
Rendering Animation . . . 
animation saved to /mnt/home/ealca/ceph/multi_aster/for-spindle-group-meeting/asym_1_aster_both_10000_tubulin_0.0005_temperature/plots/occupancy_ani.mp4
