restarting /mnt/home/ealca/ceph/multi_aster/for-spindle-group-meeting/asym_2_aster_both_10000_tubulin_0.0005_temperature
                               Spindle Simulation                               
┏━━━━━━━━━━━━━━━━━━━━━━━━━━━━━━━━━━━┳━━━━━━━━━━━━━━━━━━━━━━━━━━━━━━━━━━━━━━━━━━┓
┃ Parameter                         ┃                                    Value ┃
┡━━━━━━━━━━━━━━━━━━━━━━━━━━━━━━━━━━━╇━━━━━━━━━━━━━━━━━━━━━━━━━━━━━━━━━━━━━━━━━━┩
│ Wall elapsed time (s)             │                                 9749.78s │
│ Last Accepted Time (s)            │             499.99999999508844 / 500.00s │
│ Last Accepted Position (um)       │   {1: array([-0.456, 0.923, -0.096]), 2: │
│                                   │           array([3.021, -1.085, 0.507])} │
│ Net Force on aster 1 (pN)         │                [-43.541 -27.284 -29.856] │
│ Last Accepted Cost                │                    6.573486944960738e-05 │
│ Number of MTs                     │                                     1050 │
│ Number of pushing MTs             │                                      987 │
│ Number of pulling MTs             │                                       63 │
│ Tubulin use / tubulin budget (um) │                9999.342651305504 / 10000 │
│ Attempt Counter                   │                                       23 │
│ Number of total attempts          │                        1288262 / 5000000 │
│ Number of Positions Accepted      │                                   500000 │
│ Memory (RSS)                      │                  1.28 GB / 32.8 GB alloc │
└───────────────────────────────────┴──────────────────────────────────────────┘cost vs time plot saved to /mnt/home/ealca/ceph/multi_aster/for-spindle-group-meeting/asym_2_aster_both_10000_tubulin_0.0005_temperature/plots/cost_time_plot.png
aster distance from centre saved to /mnt/home/ealca/ceph/multi_aster/for-spindle-group-meeting/asym_2_aster_both_10000_tubulin_0.0005_temperature/plots/aster_distance_from_centre.png
aster separation saved to /mnt/home/ealca/ceph/multi_aster/for-spindle-group-meeting/asym_2_aster_both_10000_tubulin_0.0005_temperature/plots/aster_separation.png
# MTs per MTOC plot saved to /mnt/home/ealca/ceph/multi_aster/for-spindle-group-meeting/asym_2_aster_both_10000_tubulin_0.0005_temperature/plots/num_mts_per_mtoc.png
occupancy vs angle plot saved to /mnt/home/ealca/ceph/multi_aster/for-spindle-group-meeting/asym_2_aster_both_10000_tubulin_0.0005_temperature/plots/occupancy_vs_angle.png
surface occupancy saved to /mnt/home/ealca/ceph/multi_aster/for-spindle-group-meeting/asym_2_aster_both_10000_tubulin_0.0005_temperature/plots/surface_occupancy_pull.png
surface occupancy saved to /mnt/home/ealca/ceph/multi_aster/for-spindle-group-meeting/asym_2_aster_both_10000_tubulin_0.0005_temperature/plots/surface_occupancy_push.png
500.0009999950884
Precomputing occupancy for 500 frames...
Done.
Rendering Animation . . . 
animation saved to /mnt/home/ealca/ceph/multi_aster/for-spindle-group-meeting/asym_2_aster_both_10000_tubulin_0.0005_temperature/plots/occupancy_ani.mp4
