restarting /mnt/home/ealca/ceph/multi_aster/low_vel/2_aster_both_low_vel_0.005_temperature
                               Spindle Simulation                               
┏━━━━━━━━━━━━━━━━━━━━━━━━━━━━━━━━━━━┳━━━━━━━━━━━━━━━━━━━━━━━━━━━━━━━━━━━━━━━━━━┓
┃ Parameter                         ┃                                    Value ┃
┡━━━━━━━━━━━━━━━━━━━━━━━━━━━━━━━━━━━╇━━━━━━━━━━━━━━━━━━━━━━━━━━━━━━━━━━━━━━━━━━┩
│ Wall elapsed time (s)             │                                13152.28s │
│ Last Accepted Time (s)            │             499.99999999508844 / 500.00s │
│ Last Accepted Position (um)       │     {1: array([0.240, 0.073, 0.377]), 2: │
│                                   │            array([0.487, 0.783, 0.027])} │
│ Spindle Length (um)               │                  0.8292131207283298 / 13 │
│ Net Force on aster 1 (pN)         │                 [20.011 -40.884 -40.942] │
│ Last Accepted Cost                │                     0.020267176334019133 │
│ Number of MTs                     │                                     1713 │
│ Number of pushing MTs             │                                     1635 │
│ Number of pulling MTs             │                                       78 │
│ Tubulin use / tubulin budget (um) │                 17083.76814360414 / 1000 │
│ Attempt Counter                   │                                        0 │
│ Number of total attempts          │                         506905 / 5000000 │
│ Number of Positions Accepted      │                                   500000 │
│ Memory (RSS)                      │                  1.43 GB / 32.8 GB alloc │
└───────────────────────────────────┴──────────────────────────────────────────┘cost vs time plot saved to /mnt/home/ealca/ceph/multi_aster/low_vel/2_aster_both_low_vel_0.005_temperature/plots/cost_time_plot.png
aster distance from centre saved to /mnt/home/ealca/ceph/multi_aster/low_vel/2_aster_both_low_vel_0.005_temperature/plots/aster_distance_from_centre.png
aster separation saved to /mnt/home/ealca/ceph/multi_aster/low_vel/2_aster_both_low_vel_0.005_temperature/plots/aster_separation.png
# MTs per MTOC plot saved to /mnt/home/ealca/ceph/multi_aster/low_vel/2_aster_both_low_vel_0.005_temperature/plots/num_mts_per_mtoc.png
occupancy vs angle plot saved to /mnt/home/ealca/ceph/multi_aster/low_vel/2_aster_both_low_vel_0.005_temperature/plots/occupancy_vs_angle.png
surface occupancy saved to /mnt/home/ealca/ceph/multi_aster/low_vel/2_aster_both_low_vel_0.005_temperature/plots/surface_occupancy_pull.png
surface occupancy saved to /mnt/home/ealca/ceph/multi_aster/low_vel/2_aster_both_low_vel_0.005_temperature/plots/surface_occupancy_push.png
500.0009999950884
Precomputing occupancy for 500 frames...
Done.
Rendering Animation . . . 
animation saved to /mnt/home/ealca/ceph/multi_aster/low_vel/2_aster_both_low_vel_0.005_temperature/plots/occupancy_ani.mp4
