spindle saved to /mnt/home/ealca/ceph/multi_aster/for-spindle-group-meeting/1_aster_both_10000_tubulin_0.0005_temperature/spindle.pkl
                            Spindle Simulation                            
┏━━━━━━━━━━━━━━━━━━━━━━━━━━━━━━━━━━━┳━━━━━━━━━━━━━━━━━━━━━━━━━━━━━━━━━━━━┓
┃ Parameter                         ┃                              Value ┃
┡━━━━━━━━━━━━━━━━━━━━━━━━━━━━━━━━━━━╇━━━━━━━━━━━━━━━━━━━━━━━━━━━━━━━━━━━━┩
│ Wall elapsed time (s)             │                          18816.12s │
│ Last Accepted Time (s)            │                  722.5939999898249 │
│ Last Accepted Position (um)       │ {1: array([0.267, 0.041, -0.178])} │
│ Net Force on aster 1 (pN)         │          [117.373 -15.286 -11.601] │
│ Last Accepted Cost                │             0.00033587437143955956 │
│ Number of MTs                     │                                998 │
│ Number of pushing MTs             │                                926 │
│ Number of pulling MTs             │                                 72 │
│ Tubulin use / tubulin budget (um) │          9996.641256285604 / 10000 │
│ Attempt Counter                   │                                  0 │
│ Number of total attempts          │                  2000000 / 2000000 │
│ Number of Positions Accepted      │                             722594 │
│ Memory (RSS)                      │            1.53 GB / 65.5 GB alloc │
└───────────────────────────────────┴────────────────────────────────────┘cost vs time plot saved to /mnt/home/ealca/ceph/multi_aster/for-spindle-group-meeting/1_aster_both_10000_tubulin_0.0005_temperature/plots/cost_time_plot_2_aster_10000_tubulin_0.0005_temp.png
# MTs per MTOC plot saved to /mnt/home/ealca/ceph/multi_aster/for-spindle-group-meeting/1_aster_both_10000_tubulin_0.0005_temperature/plots/num_mts_per_mtoc.png
722.5949999898248
Precomputing occupancy for 1444 frames...
Done.
Rendering Animation . . . 
animation saved to /mnt/home/ealca/ceph/multi_aster/for-spindle-group-meeting/1_aster_both_10000_tubulin_0.0005_temperature/plots/occupancy_ani.mp4
