spindle saved to /mnt/home/ealca/ceph/multi_aster/for-spindle-group-meeting/2_aster_push_10000_tubulin_0.0005_temperature/spindle.pkl
                               Spindle Simulation                               
┏━━━━━━━━━━━━━━━━━━━━━━━━━━━━━━━━━━━┳━━━━━━━━━━━━━━━━━━━━━━━━━━━━━━━━━━━━━━━━━━┓
┃ Parameter                         ┃                                    Value ┃
┡━━━━━━━━━━━━━━━━━━━━━━━━━━━━━━━━━━━╇━━━━━━━━━━━━━━━━━━━━━━━━━━━━━━━━━━━━━━━━━━┩
│ Wall elapsed time (s)             │                                22476.10s │
│ Last Accepted Time (s)            │                        729.3039999896662 │
│ Last Accepted Position (um)       │    {1: array([0.348, 0.159, -0.366]), 2: │
│                                   │           array([0.232, 0.679, -0.279])} │
│ Net Force on aster 1 (pN)         │                [-32.094 -60.501 -68.189] │
│ Last Accepted Cost                │                    0.0006467303245317746 │
│ Number of MTs                     │                                      998 │
│ Number of pushing MTs             │                                      929 │
│ Number of pulling MTs             │                                       69 │
│ Tubulin use / tubulin budget (um) │                9993.532696754683 / 10000 │
│ Attempt Counter                   │                                        0 │
│ Number of total attempts          │                        2000000 / 2000000 │
│ Number of Positions Accepted      │                                   729304 │
│ Memory (RSS)                      │                  2.04 GB / 65.5 GB alloc │
└───────────────────────────────────┴──────────────────────────────────────────┘cost vs time plot saved to /mnt/home/ealca/ceph/multi_aster/for-spindle-group-meeting/2_aster_push_10000_tubulin_0.0005_temperature/plots/cost_time_plot_2_aster_10000_tubulin_0.0005_temp.png
# MTs per MTOC plot saved to /mnt/home/ealca/ceph/multi_aster/for-spindle-group-meeting/2_aster_push_10000_tubulin_0.0005_temperature/plots/num_mts_per_mtoc.png
729.3049999896662
Precomputing occupancy for 1457 frames...
Done.
Rendering Animation . . . 
animation saved to /mnt/home/ealca/ceph/multi_aster/for-spindle-group-meeting/2_aster_push_10000_tubulin_0.0005_temperature/plots/occupancy_ani.mp4
