spindle saved to /mnt/home/ealca/ceph/multi_aster/for-spindle-group-meeting/2_aster_both_10000_tubulin_0.0005_temperature/spindle.pkl
                               Spindle Simulation                               
┏━━━━━━━━━━━━━━━━━━━━━━━━━━━━━━━━━━━┳━━━━━━━━━━━━━━━━━━━━━━━━━━━━━━━━━━━━━━━━━━┓
┃ Parameter                         ┃                                    Value ┃
┡━━━━━━━━━━━━━━━━━━━━━━━━━━━━━━━━━━━╇━━━━━━━━━━━━━━━━━━━━━━━━━━━━━━━━━━━━━━━━━━┩
│ Wall elapsed time (s)             │                                35181.50s │
│ Last Accepted Time (s)            │                        734.0369999895543 │
│ Last Accepted Position (um)       │     {1: array([0.323, 0.471, 0.100]), 2: │
│                                   │           array([0.346, 0.175, -0.354])} │
│ Net Force on aster 1 (pN)         │               [-32.131 -17.907 -109.689] │
│ Last Accepted Cost                │                    0.0003133386083791212 │
│ Number of MTs                     │                                      999 │
│ Number of pushing MTs             │                                      923 │
│ Number of pulling MTs             │                                       76 │
│ Tubulin use / tubulin budget (um) │                9996.866613916209 / 10000 │
│ Attempt Counter                   │                                        4 │
│ Number of total attempts          │                        2000000 / 2000000 │
│ Number of Positions Accepted      │                                   734037 │
│ Memory (RSS)                      │                  2.10 GB / 65.5 GB alloc │
└───────────────────────────────────┴──────────────────────────────────────────┘cost vs time plot saved to /mnt/home/ealca/ceph/multi_aster/for-spindle-group-meeting/2_aster_both_10000_tubulin_0.0005_temperature/plots/cost_time_plot_2_aster_10000_tubulin_0.0005_temp.png
# MTs per MTOC plot saved to /mnt/home/ealca/ceph/multi_aster/for-spindle-group-meeting/2_aster_both_10000_tubulin_0.0005_temperature/plots/num_mts_per_mtoc.png
734.0379999895542
Precomputing occupancy for 1467 frames...
Done.
Rendering Animation . . . 
animation saved to /mnt/home/ealca/ceph/multi_aster/for-spindle-group-meeting/2_aster_both_10000_tubulin_0.0005_temperature/plots/occupancy_ani.mp4
