spindle saved to /mnt/home/ealca/ceph/multi_aster/for-spindle-group-meeting/2_aster_pull_10000_tubulin_0.0005_temperature/spindle.pkl
                               Spindle Simulation                               
┏━━━━━━━━━━━━━━━━━━━━━━━━━━━━━━━━━━━┳━━━━━━━━━━━━━━━━━━━━━━━━━━━━━━━━━━━━━━━━━━┓
┃ Parameter                         ┃                                    Value ┃
┡━━━━━━━━━━━━━━━━━━━━━━━━━━━━━━━━━━━╇━━━━━━━━━━━━━━━━━━━━━━━━━━━━━━━━━━━━━━━━━━┩
│ Wall elapsed time (s)             │                                29576.13s │
│ Last Accepted Time (s)            │                       1089.6389999811454 │
│ Last Accepted Position (um)       │  {1: array([-1.927, -2.422, -5.833]), 2: │
│                                   │            array([3.241, 2.236, 5.214])} │
│ Net Force on aster 1 (pN)         │                  [10.340 -4.127 -11.177] │
│ Last Accepted Cost                │                    0.0008607208794744192 │
│ Number of MTs                     │                                     1595 │
│ Number of pushing MTs             │                                     1534 │
│ Number of pulling MTs             │                                       61 │
│ Tubulin use / tubulin budget (um) │               10008.607208794743 / 10000 │
│ Attempt Counter                   │                                        0 │
│ Number of total attempts          │                        2000000 / 2000000 │
│ Number of Positions Accepted      │                                  1089639 │
│ Memory (RSS)                      │                  3.01 GB / 65.5 GB alloc │
└───────────────────────────────────┴──────────────────────────────────────────┘cost vs time plot saved to /mnt/home/ealca/ceph/multi_aster/for-spindle-group-meeting/2_aster_pull_10000_tubulin_0.0005_temperature/plots/cost_time_plot_2_aster_10000_tubulin_0.0005_temp.png
# MTs per MTOC plot saved to /mnt/home/ealca/ceph/multi_aster/for-spindle-group-meeting/2_aster_pull_10000_tubulin_0.0005_temperature/plots/num_mts_per_mtoc.png
1089.6399999811454
Precomputing occupancy for 2178 frames...
Done.
Rendering Animation . . . 
animation saved to /mnt/home/ealca/ceph/multi_aster/for-spindle-group-meeting/2_aster_pull_10000_tubulin_0.0005_temperature/plots/occupancy_ani.mp4
