spindle saved to /mnt/home/ealca/ceph/multi_aster/dt-L/mat_cost_only_10.0_lbar_5000_tubulin_0.0005_temp/spindle.pkl
                               Spindle Simulation                               
┏━━━━━━━━━━━━━━━━━━━━━━━━━━━━━━━━━━━┳━━━━━━━━━━━━━━━━━━━━━━━━━━━━━━━━━━━━━━━━━━┓
┃ Parameter                         ┃                                    Value ┃
┡━━━━━━━━━━━━━━━━━━━━━━━━━━━━━━━━━━━╇━━━━━━━━━━━━━━━━━━━━━━━━━━━━━━━━━━━━━━━━━━┩
│ Wall elapsed time (s)             │                                27407.54s │
│ Last Accepted Time (s)            │                        37.27300000000383 │
│ Last Accepted Position (um)       │   {1: array([0.565, -0.488, -0.618]), 2: │
│                                   │           array([-1.424, 0.413, 0.160])} │
│ distance between asters           │                        2.318207744598985 │
│ Last Accepted Cost                │                    0.0005464721502370651 │
│ Number of MTs                     │                                      500 │
│ Number of pushing MTs             │                                      450 │
│ Number of pulling MTs             │                                       50 │
│ Tubulin use / tubulin budget (um) │                 5001.366180375593 / 5000 │
│ Attempt Counter                   │                                      170 │
│ Number of total attempts          │                        2000000 / 2000000 │
│ Number of Positions Accepted      │                                    37273 │
│ Memory (RSS)                      │                  0.48 GB / 65.5 GB alloc │
└───────────────────────────────────┴──────────────────────────────────────────┘animation saved to /mnt/home/ealca/ceph/multi_aster/dt-L/mat_cost_only_10.0_lbar_5000_tubulin_0.0005_temp/plots/ani.mp4
cost vs time plot saved to /mnt/home/ealca/ceph/multi_aster/dt-L/mat_cost_only_10.0_lbar_5000_tubulin_0.0005_temp/plots/cost_time_plot_2_aster_5000_tubulin_0.0005_temp.png
animation saved to /mnt/home/ealca/ceph/multi_aster/dt-L/mat_cost_only_10.0_lbar_5000_tubulin_0.0005_temp/plots/ani.mp4
