learning rate: 0.032 s
(40962, 3)
spindle saved to /mnt/home/ealca/ceph/multi_aster_disk/inital_experiments/pull_disk_centring_5.0um_disk_2_aster_20.0_lbar_both_10000_tubulin__0.0001_dt_0.005_temperature_0.032_learning_rate/spindle.pkl
                               Spindle Simulation                               
┏━━━━━━━━━━━━━━━━━━━━━━━━━━━━━━━━━━━┳━━━━━━━━━━━━━━━━━━━━━━━━━━━━━━━━━━━━━━━━━━┓
┃ Parameter                         ┃                                    Value ┃
┡━━━━━━━━━━━━━━━━━━━━━━━━━━━━━━━━━━━╇━━━━━━━━━━━━━━━━━━━━━━━━━━━━━━━━━━━━━━━━━━┩
│ Wall elapsed time (s)             │                                32619.33s │
│ Last Accepted Time (s)            │             119.67999999999037 / 200.00s │
│ Last Accepted Position (um)       │   {1: array([6.065, -0.704, -4.585]), 2: │
│                                   │           array([-5.576, 2.202, 2.191])} │
│ Disk Centre (um)                  │                   [-0.101 -4.682 -0.203] │
│ Disk Orientation (e1, e2)         │      [0.912 -0.171 -0.373], [0.144 0.985 │
│                                   │                                  -0.099] │
│ Spindle Length (um)               │                  13.779141379889005 / 20 │
│ Net Force on aster 1 (pN)         │                  [16.233 -11.169 20.842] │
│ Last Accepted Cost                │                       22.157871349054002 │
│ Number of MTs                     │                                      553 │
│ Number of pushing MTs             │                                      465 │
│ Number of pulling MTs             │                                       33 │
│ Tubulin use / tubulin budget (um) │               10023.864248794878 / 10000 │
│ Attempt Counter                   │                                      272 │
│ Number of total attempts          │                        1000000 / 1000000 │
│ Number of Positions Accepted      │                                     3740 │
│ Memory (RSS)                      │                  0.25 GB / 32.8 GB alloc │
└───────────────────────────────────┴──────────────────────────────────────────┘cost vs time plot saved to /mnt/home/ealca/ceph/multi_aster_disk/inital_experiments/pull_disk_centring_5.0um_disk_2_aster_20.0_lbar_both_10000_tubulin__0.0001_dt_0.005_temperature_0.032_learning_rate/plots/cost_time_plot.png
aster distance from centre saved to /mnt/home/ealca/ceph/multi_aster_disk/inital_experiments/pull_disk_centring_5.0um_disk_2_aster_20.0_lbar_both_10000_tubulin__0.0001_dt_0.005_temperature_0.032_learning_rate/plots/aster_distance_from_centre.png
aster separation saved to /mnt/home/ealca/ceph/multi_aster_disk/inital_experiments/pull_disk_centring_5.0um_disk_2_aster_20.0_lbar_both_10000_tubulin__0.0001_dt_0.005_temperature_0.032_learning_rate/plots/aster_separation.png
# MTs per MTOC plot saved to /mnt/home/ealca/ceph/multi_aster_disk/inital_experiments/pull_disk_centring_5.0um_disk_2_aster_20.0_lbar_both_10000_tubulin__0.0001_dt_0.005_temperature_0.032_learning_rate/plots/num_mts_per_mtoc.png
occupancy vs angle plot saved to /mnt/home/ealca/ceph/multi_aster_disk/inital_experiments/pull_disk_centring_5.0um_disk_2_aster_20.0_lbar_both_10000_tubulin__0.0001_dt_0.005_temperature_0.032_learning_rate/plots/occupancy_vs_angle.png
surface occupancy saved to /mnt/home/ealca/ceph/multi_aster_disk/inital_experiments/pull_disk_centring_5.0um_disk_2_aster_20.0_lbar_both_10000_tubulin__0.0001_dt_0.005_temperature_0.032_learning_rate/plots/surface_occupancy_pull.png
surface occupancy saved to /mnt/home/ealca/ceph/multi_aster_disk/inital_experiments/pull_disk_centring_5.0um_disk_2_aster_20.0_lbar_both_10000_tubulin__0.0001_dt_0.005_temperature_0.032_learning_rate/plots/surface_occupancy_push.png
disk centre: [-0.101 -4.682 -0.203]  (target: origin)
disk e1 (normal): [0.912 -0.171 -0.373]  (target: +x)
disk sites occupied: 55 / 4000
119.71199999999037
Precomputing occupancy for 28 frames...
Done.
Rendering Animation . . . 
animation saved to /mnt/home/ealca/ceph/multi_aster_disk/inital_experiments/pull_disk_centring_5.0um_disk_2_aster_20.0_lbar_both_10000_tubulin__0.0001_dt_0.005_temperature_0.032_learning_rate/plots/occupancy_ani.mp4
