learning rate: 0.032 s
(163842, 3)
spindle saved to /mnt/home/ealca/ceph/multi_aster_disk/inital_experiments/fixed_mtocs_5.0um_disk_2_aster_20.0_lbar_both_10000_tubulin__0.0001_dt_0.001_temperature_0.032_learning_rate/spindle.pkl
                               Spindle Simulation                               
┏━━━━━━━━━━━━━━━━━━━━━━━━━━━━━━━━━━━┳━━━━━━━━━━━━━━━━━━━━━━━━━━━━━━━━━━━━━━━━━━┓
┃ Parameter                         ┃                                    Value ┃
┡━━━━━━━━━━━━━━━━━━━━━━━━━━━━━━━━━━━╇━━━━━━━━━━━━━━━━━━━━━━━━━━━━━━━━━━━━━━━━━━┩
│ Wall elapsed time (s)             │                                 5207.30s │
│ Last Accepted Time (s)            │             499.99999999989694 / 500.00s │
│ Last Accepted Position (um)       │  {1: array([10,  0,  0]), 2: array([-10, │
│                                   │                                0,   0])} │
│ Disk Centre (um)                  │                     [0.017 0.025 -0.081] │
│ Disk Orientation (e1, e2)         │    [-0.000 -0.955 -0.297], [0.997 -0.024 │
│                                   │                                   0.077] │
│ Spindle Length (um)               │                                20.0 / 20 │
│ Net Force on aster 1 (pN)         │                  [-173.702 -9.440 8.229] │
│ Last Accepted Cost                │                       2.5668904808263235 │
│ Total number of MTs               │                                      548 │
│ Number of cortical pushing MTs    │                                      413 │
│ Number of cortical pulling MTs    │                                       43 │
│ Number of chromosomal pushing MTs │                                       61 │
│ Number of chromosomal pulling MTs │                                       31 │
│ Tubulin use / tubulin budget (um) │                 9986.80461267545 / 10000 │
│ Attempt Counter                   │                                        0 │
│ Number of total attempts          │                         66065 / 10000000 │
│ Number of Positions Accepted      │                                    15625 │
│ Memory (RSS)                      │                  5.25 GB / 32.8 GB alloc │
└───────────────────────────────────┴──────────────────────────────────────────┘cost vs time plot saved to /mnt/home/ealca/ceph/multi_aster_disk/inital_experiments/fixed_mtocs_5.0um_disk_2_aster_20.0_lbar_both_10000_tubulin__0.0001_dt_0.001_temperature_0.032_learning_rate/plots/cost_time_plot.png
aster distance from centre saved to /mnt/home/ealca/ceph/multi_aster_disk/inital_experiments/fixed_mtocs_5.0um_disk_2_aster_20.0_lbar_both_10000_tubulin__0.0001_dt_0.001_temperature_0.032_learning_rate/plots/aster_distance_from_centre.png
aster separation saved to /mnt/home/ealca/ceph/multi_aster_disk/inital_experiments/fixed_mtocs_5.0um_disk_2_aster_20.0_lbar_both_10000_tubulin__0.0001_dt_0.001_temperature_0.032_learning_rate/plots/aster_separation.png
# MTs per MTOC plot saved to /mnt/home/ealca/ceph/multi_aster_disk/inital_experiments/fixed_mtocs_5.0um_disk_2_aster_20.0_lbar_both_10000_tubulin__0.0001_dt_0.001_temperature_0.032_learning_rate/plots/num_mts_per_mtoc.png
# disk MTs per MTOC plot saved to /mnt/home/ealca/ceph/multi_aster_disk/inital_experiments/fixed_mtocs_5.0um_disk_2_aster_20.0_lbar_both_10000_tubulin__0.0001_dt_0.001_temperature_0.032_learning_rate/plots/num_disk_mts_per_mtoc.png
occupancy vs angle plot saved to /mnt/home/ealca/ceph/multi_aster_disk/inital_experiments/fixed_mtocs_5.0um_disk_2_aster_20.0_lbar_both_10000_tubulin__0.0001_dt_0.001_temperature_0.032_learning_rate/plots/occupancy_vs_angle.png
surface occupancy saved to /mnt/home/ealca/ceph/multi_aster_disk/inital_experiments/fixed_mtocs_5.0um_disk_2_aster_20.0_lbar_both_10000_tubulin__0.0001_dt_0.001_temperature_0.032_learning_rate/plots/surface_occupancy_pull.png
surface occupancy saved to /mnt/home/ealca/ceph/multi_aster_disk/inital_experiments/fixed_mtocs_5.0um_disk_2_aster_20.0_lbar_both_10000_tubulin__0.0001_dt_0.001_temperature_0.032_learning_rate/plots/surface_occupancy_push.png
disk centre: [0.017 0.025 -0.081]  (target: origin)
disk e1 (normal): [-0.000 -0.955 -0.297]  (target: +x)
disk sites occupied: 92 / 40046
500.0319999998969
Precomputing occupancy for 147 frames...
Done.
Rendering Animation . . . 
animation saved to /mnt/home/ealca/ceph/multi_aster_disk/inital_experiments/fixed_mtocs_5.0um_disk_2_aster_20.0_lbar_both_10000_tubulin__0.0001_dt_0.001_temperature_0.032_learning_rate/plots/occupancy_ani.mp4
